./plugins/blender/generated/plugins/other-plugin/generated/scene.ts
